C51 COMPILER V9.59.0.0   IO                                                                11/03/2019 14:53:44 PAGE 1   


C51 COMPILER V9.59.0.0, COMPILATION OF MODULE IO
OBJECT MODULE PLACED IN io.OBJ
COMPILER INVOKED BY: C:\Keil_v5\C51\BIN\C51.EXE io.c BROWSE DEBUG OBJECTEXTEND TABS(2)

line level    source

   1          #include "stc8.h"
   2          #include "io.h"
   3          void io_init()
   4          {
   5   1      P0M0=0x00;
   6   1      P0M1=0x00;
   7   1      P1M0=0x00;
   8   1      P1M1=0x00;
   9   1      P2M0=0x00;
  10   1      P2M1=0x00;
  11   1      P3M0=0x00;
  12   1      P3M1=0x00;
  13   1      P4M0=0x00;
  14   1      P4M1=0x00;
  15   1      P5M0=0x00;
  16   1      P5M1=0x00;
  17   1      P6M0=0x00;
  18   1      P6M1=0x00;
  19   1      P7M0=0x00;
  20   1      P7M1=0x00;
  21   1      P14=1;P15=1;P13=1;P54=1;P55=1;P12=1;P50=1;P52=1;P51=1;P53=1;P01=1;P00=1;
  22   1      P44=1;
  23   1      P34=1;
  24   1      P36=1;
  25   1      P37=1;
  26   1      }


MODULE INFORMATION:   STATIC OVERLAYABLE
   CODE SIZE        =     66    ----
   CONSTANT SIZE    =   ----    ----
   XDATA SIZE       =   ----    ----
   PDATA SIZE       =   ----    ----
   DATA SIZE        =   ----    ----
   IDATA SIZE       =   ----    ----
   BIT SIZE         =   ----    ----
END OF MODULE INFORMATION.


C51 COMPILATION COMPLETE.  0 WARNING(S),  0 ERROR(S)
