BL51 BANKED LINKER/LOCATER V6.22.2.0                                                    11/03/2019  14:53:47  PAGE 1


BL51 BANKED LINKER/LOCATER V6.22.2.0, INVOKED BY:
C:\KEIL_V5\C51\BIN\BL51.EXE STARTUP.obj, main.obj, io.obj, delay.obj, moto.obj, zhongduan.obj, searchline.obj, uart.obj 
>> TO test123 RAMSIZE (256)


MEMORY MODEL: SMALL


INPUT MODULES INCLUDED:
  STARTUP.obj (?C_STARTUP)
  main.obj (MAIN)
  io.obj (IO)
  delay.obj (DELAY)
  moto.obj (MOTO)
  zhongduan.obj (ZHONGDUAN)
  searchline.obj (SEARCHLINE)
  uart.obj (UART)
  C:\KEIL_V5\C51\LIB\C51S.LIB (?C_INIT)


LINK MAP OF MODULE:  test123 (?C_STARTUP)


            TYPE    BASE      LENGTH    RELOCATION   SEGMENT NAME
            -----------------------------------------------------

            * * * * * * *   D A T A   M E M O R Y   * * * * * * *
            REG     0000H     0008H     ABSOLUTE     "REG BANK 0"
            DATA    0008H     0025H     UNIT         ?DT?MAIN
            DATA    002DH     0001H     UNIT         _DATA_GROUP_
            IDATA   002EH     0001H     UNIT         ?STACK

            * * * * * * *   C O D E   M E M O R Y   * * * * * * *
            CODE    0000H     0003H     ABSOLUTE     
            CODE    0003H     003AH     UNIT         ?PR?ZONGQIAN?SEARCHLINE
            CODE    003DH     0003H     UNIT         ?PR?TINGZHI2?MOTO
            CODE    0040H     0003H     UNIT         ?PR?TINGZHI1?MOTO
            CODE    0043H     0003H     ABSOLUTE     
            CODE    0046H     024BH     UNIT         ?PR?MAIN?MAIN
            CODE    0291H     008CH     UNIT         ?C_C51STARTUP
            CODE    031DH     0046H     UNIT         ?PR?HENGZUO?SEARCHLINE
            CODE    0363H     0046H     UNIT         ?PR?HENGYOU?SEARCHLINE
            CODE    03A9H     0042H     UNIT         ?PR?IO_INIT?IO
            CODE    03EBH     003AH     UNIT         ?PR?ZONGHOU?SEARCHLINE
            CODE    0425H     002DH     UNIT         ?C_INITSEG
            CODE    0452H     001BH     UNIT         ?PR?LINEA?SEARCHLINE
            CODE    046DH     0019H     UNIT         ?PR?_DELAY_MS?DELAY
            CODE    0486H     0018H     UNIT         ?PR?ZUOPINGYI?MOTO
            CODE    049EH     0018H     UNIT         ?PR?YOUPINGYI?MOTO
            CODE    04B6H     0018H     UNIT         ?PR?HOUTUI?MOTO
            CODE    04CEH     0018H     UNIT         ?PR?QIANJIN?MOTO
            CODE    04E6H     0018H     UNIT         ?PR?LINEC?SEARCHLINE
            CODE    04FEH     0015H     UNIT         ?PR?LINEB?SEARCHLINE
            CODE    0513H     0012H     UNIT         ?PR?LINEE?SEARCHLINE
            CODE    0525H     0012H     UNIT         ?PR?UART2_INIT?UART
            CODE    0537H     0010H     UNIT         ?PR?UART2_RECEIVE?UART
            CODE    0547H     000CH     UNIT         ?PR?LINED?SEARCHLINE
            CODE    0553H     0009H     UNIT         ?PR?TINGZHI?MOTO
BL51 BANKED LINKER/LOCATER V6.22.2.0                                                  11/03/2019  14:53:47  PAGE 2


            CODE    055CH     0008H     UNIT         ?PR?_UART2_SEND?UART
            CODE    0564H     0003H     UNIT         ?PR?TINGZHI4?MOTO
            CODE    0567H     0003H     UNIT         ?PR?TINGZHI3?MOTO



OVERLAY MAP OF MODULE:   test123 (?C_STARTUP)


SEGMENT                           DATA_GROUP 
  +--> CALLED SEGMENT           START    LENGTH
-----------------------------------------------
?C_C51STARTUP                   -----    -----
  +--> ?PR?MAIN?MAIN

?PR?MAIN?MAIN                   -----    -----
  +--> ?PR?IO_INIT?IO
  +--> ?PR?UART2_INIT?UART
  +--> ?PR?_UART2_SEND?UART
  +--> ?PR?_DELAY_MS?DELAY
  +--> ?PR?ZONGHOU?SEARCHLINE
  +--> ?PR?TINGZHI?MOTO
  +--> ?PR?LINEC?SEARCHLINE
  +--> ?PR?ZONGQIAN?SEARCHLINE
  +--> ?PR?LINEA?SEARCHLINE
  +--> ?PR?HENGZUO?SEARCHLINE
  +--> ?PR?LINED?SEARCHLINE
  +--> ?PR?HENGYOU?SEARCHLINE
  +--> ?PR?LINEE?SEARCHLINE

?PR?_DELAY_MS?DELAY             002DH    0001H

?PR?ZONGHOU?SEARCHLINE          -----    -----
  +--> ?PR?HOUTUI?MOTO
  +--> ?PR?TINGZHI3?MOTO
  +--> ?PR?TINGZHI4?MOTO
  +--> ?PR?TINGZHI1?MOTO
  +--> ?PR?TINGZHI2?MOTO
  +--> ?PR?ZUOPINGYI?MOTO
  +--> ?PR?YOUPINGYI?MOTO

?PR?HOUTUI?MOTO                 -----    -----
  +--> ?PR?_DELAY_MS?DELAY

?PR?ZUOPINGYI?MOTO              -----    -----
  +--> ?PR?_DELAY_MS?DELAY

?PR?YOUPINGYI?MOTO              -----    -----
  +--> ?PR?_DELAY_MS?DELAY

?PR?ZONGQIAN?SEARCHLINE         -----    -----
  +--> ?PR?QIANJIN?MOTO
  +--> ?PR?TINGZHI3?MOTO
  +--> ?PR?TINGZHI4?MOTO
  +--> ?PR?TINGZHI1?MOTO
  +--> ?PR?TINGZHI2?MOTO
  +--> ?PR?ZUOPINGYI?MOTO
BL51 BANKED LINKER/LOCATER V6.22.2.0                                                  11/03/2019  14:53:47  PAGE 3


  +--> ?PR?YOUPINGYI?MOTO

?PR?QIANJIN?MOTO                -----    -----
  +--> ?PR?_DELAY_MS?DELAY

?PR?HENGZUO?SEARCHLINE          -----    -----
  +--> ?PR?ZUOPINGYI?MOTO
  +--> ?PR?TINGZHI1?MOTO
  +--> ?PR?TINGZHI2?MOTO
  +--> ?PR?TINGZHI3?MOTO
  +--> ?PR?TINGZHI4?MOTO
  +--> ?PR?QIANJIN?MOTO
  +--> ?PR?HOUTUI?MOTO

?PR?HENGYOU?SEARCHLINE          -----    -----
  +--> ?PR?YOUPINGYI?MOTO
  +--> ?PR?TINGZHI3?MOTO
  +--> ?PR?TINGZHI4?MOTO
  +--> ?PR?TINGZHI1?MOTO
  +--> ?PR?TINGZHI2?MOTO
  +--> ?PR?QIANJIN?MOTO
  +--> ?PR?HOUTUI?MOTO



SYMBOL TABLE OF MODULE:  test123 (?C_STARTUP)

  VALUE           TYPE          NAME
  ----------------------------------

  -------         MODULE        ?C_STARTUP
  C:0291H         SEGMENT       ?C_C51STARTUP
  I:002EH         SEGMENT       ?STACK
  C:0000H         PUBLIC        ?C_STARTUP
  D:00E0H         SYMBOL        ACC
  D:00F0H         SYMBOL        B
  D:0083H         SYMBOL        DPH
  D:0082H         SYMBOL        DPL
  N:0000H         SYMBOL        IBPSTACK
  N:0100H         SYMBOL        IBPSTACKTOP
  N:0080H         SYMBOL        IDATALEN
  C:0294H         SYMBOL        IDATALOOP
  N:0000H         SYMBOL        PBPSTACK
  N:0100H         SYMBOL        PBPSTACKTOP
  N:0000H         SYMBOL        PDATALEN
  N:0000H         SYMBOL        PDATASTART
  N:0000H         SYMBOL        PPAGE
  N:0000H         SYMBOL        PPAGEENABLE
  D:00A0H         SYMBOL        PPAGE_SFR
  D:0081H         SYMBOL        SP
  C:0291H         SYMBOL        STARTUP1
  N:0000H         SYMBOL        XBPSTACK
  N:0000H         SYMBOL        XBPSTACKTOP
  N:0000H         SYMBOL        XDATALEN
  N:0000H         SYMBOL        XDATASTART
  C:0000H         LINE#         126
  C:0291H         LINE#         133
BL51 BANKED LINKER/LOCATER V6.22.2.0                                                  11/03/2019  14:53:47  PAGE 4


  C:0293H         LINE#         134
  C:0294H         LINE#         135
  C:0295H         LINE#         136
  C:0297H         LINE#         185
  C:029AH         LINE#         196
  -------         ENDMOD        ?C_STARTUP

  -------         MODULE        MAIN
  C:0000H         SYMBOL        _ICE_DUMMY_
  D:0080H         PUBLIC        P0
  D:0090H         PUBLIC        P1
  D:00A0H         PUBLIC        P2
  D:00B0H         PUBLIC        P3
  D:0008H         PUBLIC        tmp1
  D:00C0H         PUBLIC        P4
  D:0009H         PUBLIC        finish
  D:000BH         PUBLIC        tmp2
  D:00C8H         PUBLIC        P5
  D:00E8H         PUBLIC        P6
  D:000CH         PUBLIC        pwm1
  D:00F8H         PUBLIC        P7
  D:000EH         PUBLIC        pwm2
  D:0010H         PUBLIC        pwm3
  D:0012H         PUBLIC        pwm4
  D:0014H         PUBLIC        dongzuo
  D:00A8H         PUBLIC        IE
  D:00B8H         PUBLIC        IP
  D:0016H         PUBLIC        p4
  D:00D8H         PUBLIC        CCON
  D:0018H         PUBLIC        p6
  C:0046H         PUBLIC        main
  D:001AH         PUBLIC        mudi
  B:0080H.1       PUBLIC        P01
  D:0098H         PUBLIC        SCON
  B:0080H.4       PUBLIC        P04
  D:0088H         PUBLIC        TCON
  D:001BH         PUBLIC        finish1
  B:0090H.5       PUBLIC        P15
  B:0080H.6       PUBLIC        P06
  D:001DH         PUBLIC        finish2
  D:001FH         PUBLIC        finish3
  D:0021H         PUBLIC        finish4
  B:00C8H.5       PUBLIC        P55
  D:0023H         PUBLIC        ss
  D:0024H         PUBLIC        address
  D:0025H         PUBLIC        stop1
  D:0027H         PUBLIC        stop2
  D:00D0H         PUBLIC        PSW
  D:0029H         PUBLIC        stop3
  D:002BH         PUBLIC        stop4
  -------         PROC          MAIN
  C:0046H         LINE#         28
  C:0046H         LINE#         29
  C:0048H         LINE#         30
  C:004AH         LINE#         31
  C:004DH         LINE#         33
  C:0050H         LINE#         38
BL51 BANKED LINKER/LOCATER V6.22.2.0                                                  11/03/2019  14:53:47  PAGE 5


  C:0053H         LINE#         39
  C:0058H         LINE#         40
  C:0058H         LINE#         41
  C:0058H         LINE#         45
  C:0063H         LINE#         46
  C:0063H         LINE#         47
  C:0066H         LINE#         48
  C:006DH         LINE#         49
  C:0074H         LINE#         50
  C:007BH         LINE#         51
  C:0082H         LINE#         54
  C:0088H         LINE#         55
  C:0088H         LINE#         56
  C:008DH         LINE#         57
  C:008DH         LINE#         58
  C:0090H         LINE#         59
  C:0093H         LINE#         60
  C:0096H         LINE#         61
  C:0099H         LINE#         62
  C:00A0H         LINE#         63
  C:00A7H         LINE#         64
  C:00AEH         LINE#         65
  C:00B5H         LINE#         66
  C:00B5H         LINE#         67
  C:00B5H         LINE#         69
  C:00BEH         LINE#         70
  C:00BEH         LINE#         71
  C:00C4H         LINE#         72
  C:00C4H         LINE#         73
  C:00C7H         LINE#         74
  C:00CEH         LINE#         75
  C:00D7H         LINE#         76
  C:00DAH         LINE#         77
  C:00DDH         LINE#         78
  C:00E4H         LINE#         79
  C:00EBH         LINE#         80
  C:00F2H         LINE#         81
  C:00F9H         LINE#         82
  C:00F9H         LINE#         83
  C:00FFH         LINE#         84
  C:00FFH         LINE#         85
  C:0102H         LINE#         86
  C:0109H         LINE#         87
  C:0112H         LINE#         88
  C:0115H         LINE#         89
  C:0118H         LINE#         90
  C:011FH         LINE#         91
  C:0126H         LINE#         92
  C:012DH         LINE#         93
  C:0134H         LINE#         94
  C:0134H         LINE#         95
  C:013AH         LINE#         96
  C:013AH         LINE#         97
  C:013DH         LINE#         98
  C:0144H         LINE#         99
  C:014DH         LINE#         100
  C:0150H         LINE#         101
BL51 BANKED LINKER/LOCATER V6.22.2.0                                                  11/03/2019  14:53:47  PAGE 6


  C:0153H         LINE#         102
  C:015AH         LINE#         103
  C:0161H         LINE#         104
  C:0168H         LINE#         105
  C:016FH         LINE#         106
  C:016FH         LINE#         107
  C:016FH         LINE#         109
  C:0175H         LINE#         110
  C:0175H         LINE#         111
  C:017BH         LINE#         112
  C:017BH         LINE#         113
  C:017EH         LINE#         114
  C:0185H         LINE#         115
  C:0188H         LINE#         116
  C:018BH         LINE#         117
  C:018EH         LINE#         118
  C:0195H         LINE#         119
  C:019CH         LINE#         120
  C:01A3H         LINE#         121
  C:01AAH         LINE#         122
  C:01AAH         LINE#         123
  C:01AAH         LINE#         125
  C:01B0H         LINE#         126
  C:01B0H         LINE#         127
  C:01B6H         LINE#         128
  C:01B6H         LINE#         129
  C:01B9H         LINE#         130
  C:01C0H         LINE#         131
  C:01C3H         LINE#         132
  C:01C6H         LINE#         133
  C:01C9H         LINE#         134
  C:01D0H         LINE#         135
  C:01D7H         LINE#         136
  C:01DEH         LINE#         137
  C:01E5H         LINE#         138
  C:01E5H         LINE#         139
  C:01EBH         LINE#         140
  C:01EBH         LINE#         141
  C:01EEH         LINE#         142
  C:01F5H         LINE#         143
  C:01FEH         LINE#         144
  C:0201H         LINE#         145
  C:0204H         LINE#         146
  C:020BH         LINE#         147
  C:0212H         LINE#         148
  C:0219H         LINE#         149
  C:0220H         LINE#         150
  C:0220H         LINE#         151
  C:0220H         LINE#         153
  C:0226H         LINE#         154
  C:0226H         LINE#         155
  C:022BH         LINE#         156
  C:022BH         LINE#         157
  C:022EH         LINE#         158
  C:0235H         LINE#         159
  C:0235H         LINE#         162
  C:023EH         LINE#         163
BL51 BANKED LINKER/LOCATER V6.22.2.0                                                  11/03/2019  14:53:47  PAGE 7


  C:023EH         LINE#         164
  C:0241H         LINE#         165
  C:0244H         LINE#         166
  C:024BH         LINE#         167
  C:0252H         LINE#         168
  C:0259H         LINE#         169
  C:0260H         LINE#         170
  C:0260H         LINE#         172
  C:0260H         LINE#         173
  C:0263H         LINE#         174
  C:0266H         LINE#         175
  C:0269H         LINE#         176
  C:026CH         LINE#         177
  C:026FH         LINE#         178
  C:0272H         LINE#         179
  C:027BH         LINE#         180
  C:027BH         LINE#         181
  C:0282H         LINE#         182
  C:0285H         LINE#         183
  C:0288H         LINE#         184
  C:028EH         LINE#         185
  C:028EH         LINE#         187
  -------         ENDPROC       MAIN
  -------         ENDMOD        MAIN

  -------         MODULE        IO
  C:0000H         SYMBOL        _ICE_DUMMY_
  D:0092H         PUBLIC        P1M0
  D:0093H         PUBLIC        P0M1
  D:0096H         PUBLIC        P2M0
  D:0091H         PUBLIC        P1M1
  D:0080H         PUBLIC        P0
  D:00B2H         PUBLIC        P3M0
  D:0095H         PUBLIC        P2M1
  D:0090H         PUBLIC        P1
  D:00B4H         PUBLIC        P4M0
  D:00B1H         PUBLIC        P3M1
  D:00A0H         PUBLIC        P2
  D:00CAH         PUBLIC        P5M0
  D:00B3H         PUBLIC        P4M1
  D:00B0H         PUBLIC        P3
  D:00CCH         PUBLIC        P6M0
  D:00C9H         PUBLIC        P5M1
  D:00C0H         PUBLIC        P4
  D:00E2H         PUBLIC        P7M0
  D:00CBH         PUBLIC        P6M1
  D:00C8H         PUBLIC        P5
  D:00E1H         PUBLIC        P7M1
  D:00E8H         PUBLIC        P6
  D:00F8H         PUBLIC        P7
  D:00A8H         PUBLIC        IE
  D:00B8H         PUBLIC        IP
  D:00D8H         PUBLIC        CCON
  B:0080H.0       PUBLIC        P00
  B:0080H.1       PUBLIC        P01
  B:0090H.2       PUBLIC        P12
  D:0098H         PUBLIC        SCON
BL51 BANKED LINKER/LOCATER V6.22.2.0                                                  11/03/2019  14:53:47  PAGE 8


  B:0090H.3       PUBLIC        P13
  D:0088H         PUBLIC        TCON
  B:00C8H.0       PUBLIC        P50
  B:0090H.4       PUBLIC        P14
  B:00C8H.1       PUBLIC        P51
  B:0090H.5       PUBLIC        P15
  B:00C8H.2       PUBLIC        P52
  B:00B0H.4       PUBLIC        P34
  B:00C8H.3       PUBLIC        P53
  B:00C0H.4       PUBLIC        P44
  B:00C8H.4       PUBLIC        P54
  B:00B0H.6       PUBLIC        P36
  B:00C8H.5       PUBLIC        P55
  B:00B0H.7       PUBLIC        P37
  C:03A9H         PUBLIC        io_init
  D:00D0H         PUBLIC        PSW
  D:0094H         PUBLIC        P0M0
  -------         PROC          IO_INIT
  C:03A9H         LINE#         3
  C:03A9H         LINE#         4
  C:03A9H         LINE#         5
  C:03ACH         LINE#         6
  C:03AEH         LINE#         7
  C:03B0H         LINE#         8
  C:03B2H         LINE#         9
  C:03B4H         LINE#         10
  C:03B6H         LINE#         11
  C:03B8H         LINE#         12
  C:03BAH         LINE#         13
  C:03BCH         LINE#         14
  C:03BEH         LINE#         15
  C:03C0H         LINE#         16
  C:03C2H         LINE#         17
  C:03C4H         LINE#         18
  C:03C6H         LINE#         19
  C:03C8H         LINE#         20
  C:03CAH         LINE#         21
  C:03E2H         LINE#         22
  C:03E4H         LINE#         23
  C:03E6H         LINE#         24
  C:03E8H         LINE#         25
  C:03EAH         LINE#         26
  -------         ENDPROC       IO_INIT
  -------         ENDMOD        IO

  -------         MODULE        DELAY
  C:0000H         SYMBOL        _ICE_DUMMY_
  D:0080H         PUBLIC        P0
  D:0090H         PUBLIC        P1
  D:00A0H         PUBLIC        P2
  D:00B0H         PUBLIC        P3
  D:00C0H         PUBLIC        P4
  D:00C8H         PUBLIC        P5
  D:00E8H         PUBLIC        P6
  D:00F8H         PUBLIC        P7
  D:00A8H         PUBLIC        IE
  D:00B8H         PUBLIC        IP
BL51 BANKED LINKER/LOCATER V6.22.2.0                                                  11/03/2019  14:53:47  PAGE 9


  D:00D8H         PUBLIC        CCON
  D:0098H         PUBLIC        SCON
  D:0088H         PUBLIC        TCON
  C:046DH         PUBLIC        _delay_ms
  D:00D0H         PUBLIC        PSW
  -------         PROC          _DELAY_MS
  D:0006H         SYMBOL        c
  -------         DO            
  D:002DH         SYMBOL        i
  -------         ENDDO         
  C:046DH         LINE#         22
  C:046DH         LINE#         23
  C:046DH         LINE#         24
  C:0475H         LINE#         25
  C:0475H         LINE#         27
  C:0478H         LINE#         28
  C:047BH         LINE#         29
  C:0482H         LINE#         30
  -------         ENDPROC       _DELAY_MS
  -------         ENDMOD        DELAY

  -------         MODULE        MOTO
  C:0000H         SYMBOL        _ICE_DUMMY_
  D:0080H         PUBLIC        P0
  D:0090H         PUBLIC        P1
  C:0553H         PUBLIC        tingzhi
  D:00A0H         PUBLIC        P2
  D:00B0H         PUBLIC        P3
  D:00C0H         PUBLIC        P4
  D:00C8H         PUBLIC        P5
  D:00E8H         PUBLIC        P6
  D:00F8H         PUBLIC        P7
  D:00A8H         PUBLIC        IE
  D:00B8H         PUBLIC        IP
  C:04B6H         PUBLIC        houtui
  D:00D8H         PUBLIC        CCON
  C:0040H         PUBLIC        tingzhi1
  C:003DH         PUBLIC        tingzhi2
  D:0098H         PUBLIC        SCON
  C:0567H         PUBLIC        tingzhi3
  D:0088H         PUBLIC        TCON
  B:00C0H.1       PUBLIC        P41
  C:0564H         PUBLIC        tingzhi4
  B:00C0H.2       PUBLIC        P42
  B:00B0H.4       PUBLIC        P34
  B:0090H.6       PUBLIC        P16
  B:00C0H.4       PUBLIC        P44
  B:0090H.7       PUBLIC        P17
  B:00B0H.6       PUBLIC        P36
  B:00B0H.7       PUBLIC        P37
  C:04CEH         PUBLIC        qianjin
  C:049EH         PUBLIC        youpingyi
  C:0486H         PUBLIC        zuopingyi
  D:00D0H         PUBLIC        PSW
  -------         PROC          ZUOPINGYI
  C:0486H         LINE#         4
  C:0486H         LINE#         5
BL51 BANKED LINKER/LOCATER V6.22.2.0                                                  11/03/2019  14:53:47  PAGE 10


  C:0486H         LINE#         6
  C:048DH         LINE#         7
  C:048FH         LINE#         8
  C:0491H         LINE#         9
  C:0493H         LINE#         10
  C:0495H         LINE#         11
  C:0497H         LINE#         12
  C:0499H         LINE#         13
  C:049BH         LINE#         14
  C:049DH         LINE#         15
  -------         ENDPROC       ZUOPINGYI
  -------         PROC          YOUPINGYI
  C:049EH         LINE#         16
  C:049EH         LINE#         17
  C:049EH         LINE#         18
  C:04A5H         LINE#         19
  C:04A7H         LINE#         20
  C:04A9H         LINE#         21
  C:04ABH         LINE#         22
  C:04ADH         LINE#         23
  C:04AFH         LINE#         24
  C:04B1H         LINE#         25
  C:04B3H         LINE#         26
  C:04B5H         LINE#         27
  -------         ENDPROC       YOUPINGYI
  -------         PROC          HOUTUI
  C:04B6H         LINE#         28
  C:04B6H         LINE#         29
  C:04B6H         LINE#         30
  C:04BDH         LINE#         31
  C:04BFH         LINE#         32
  C:04C1H         LINE#         33
  C:04C3H         LINE#         34
  C:04C5H         LINE#         35
  C:04C7H         LINE#         36
  C:04C9H         LINE#         37
  C:04CBH         LINE#         38
  C:04CDH         LINE#         39
  -------         ENDPROC       HOUTUI
  -------         PROC          QIANJIN
  C:04CEH         LINE#         40
  C:04CEH         LINE#         41
  C:04CEH         LINE#         42
  C:04D5H         LINE#         43
  C:04D7H         LINE#         44
  C:04D9H         LINE#         45
  C:04DBH         LINE#         46
  C:04DDH         LINE#         47
  C:04DFH         LINE#         48
  C:04E1H         LINE#         49
  C:04E3H         LINE#         50
  C:04E5H         LINE#         51
  -------         ENDPROC       QIANJIN
  -------         PROC          TINGZHI2
  C:003DH         LINE#         53
  C:003DH         LINE#         54
  C:003DH         LINE#         55
BL51 BANKED LINKER/LOCATER V6.22.2.0                                                  11/03/2019  14:53:47  PAGE 11


  C:003FH         LINE#         56
  -------         ENDPROC       TINGZHI2
  -------         PROC          TINGZHI1
  C:0040H         LINE#         57
  C:0040H         LINE#         58
  C:0040H         LINE#         59
  C:0042H         LINE#         60
  -------         ENDPROC       TINGZHI1
  -------         PROC          TINGZHI4
  C:0564H         LINE#         61
  C:0564H         LINE#         62
  C:0564H         LINE#         63
  C:0566H         LINE#         64
  -------         ENDPROC       TINGZHI4
  -------         PROC          TINGZHI3
  C:0567H         LINE#         65
  C:0567H         LINE#         66
  C:0567H         LINE#         67
  C:0569H         LINE#         68
  -------         ENDPROC       TINGZHI3
  -------         PROC          TINGZHI
  C:0553H         LINE#         69
  C:0553H         LINE#         70
  C:0553H         LINE#         71
  C:0555H         LINE#         72
  C:0557H         LINE#         73
  C:0559H         LINE#         74
  C:055BH         LINE#         75
  -------         ENDPROC       TINGZHI
  -------         ENDMOD        MOTO

  -------         MODULE        ZHONGDUAN
  C:0000H         SYMBOL        _ICE_DUMMY_
  -------         ENDMOD        ZHONGDUAN

  -------         MODULE        SEARCHLINE
  C:0000H         SYMBOL        _ICE_DUMMY_
  D:0080H         PUBLIC        P0
  D:0090H         PUBLIC        P1
  D:00A0H         PUBLIC        P2
  D:00B0H         PUBLIC        P3
  C:0363H         PUBLIC        hengyou
  D:00C0H         PUBLIC        P4
  C:031DH         PUBLIC        hengzuo
  D:00C8H         PUBLIC        P5
  D:00E8H         PUBLIC        P6
  D:00F8H         PUBLIC        P7
  C:0452H         PUBLIC        linea
  C:04FEH         PUBLIC        lineb
  C:04E6H         PUBLIC        linec
  D:00A8H         PUBLIC        IE
  C:03EBH         PUBLIC        zonghou
  C:0547H         PUBLIC        lined
  C:0513H         PUBLIC        linee
  D:00B8H         PUBLIC        IP
  D:00D8H         PUBLIC        CCON
  B:0080H.0       PUBLIC        P00
BL51 BANKED LINKER/LOCATER V6.22.2.0                                                  11/03/2019  14:53:47  PAGE 12


  B:0080H.1       PUBLIC        P01
  B:0090H.2       PUBLIC        P12
  D:0098H         PUBLIC        SCON
  B:0090H.3       PUBLIC        P13
  D:0088H         PUBLIC        TCON
  B:00C8H.0       PUBLIC        P50
  B:0090H.4       PUBLIC        P14
  B:00C8H.1       PUBLIC        P51
  B:0090H.5       PUBLIC        P15
  B:00C8H.2       PUBLIC        P52
  B:00C8H.3       PUBLIC        P53
  B:00C8H.4       PUBLIC        P54
  B:00C8H.5       PUBLIC        P55
  C:0003H         PUBLIC        zongqian
  D:00D0H         PUBLIC        PSW
  -------         PROC          LINEC
  C:04E6H         LINE#         31
  C:04E6H         LINE#         32
  C:04E6H         LINE#         33
  C:04F5H         LINE#         34
  C:04FAH         LINE#         36
  C:04FDH         LINE#         37
  -------         ENDPROC       LINEC
  -------         PROC          LINEB
  C:04FEH         LINE#         39
  C:04FEH         LINE#         40
  C:04FEH         LINE#         41
  C:050AH         LINE#         42
  C:050FH         LINE#         44
  C:0512H         LINE#         45
  -------         ENDPROC       LINEB
  -------         PROC          LINEA
  C:0452H         LINE#         47
  C:0452H         LINE#         48
  C:0452H         LINE#         49
  C:0464H         LINE#         50
  C:0469H         LINE#         52
  C:046CH         LINE#         53
  -------         ENDPROC       LINEA
  -------         PROC          LINED
  C:0547H         LINE#         55
  C:0547H         LINE#         56
  C:0547H         LINE#         57
  C:054AH         LINE#         58
  C:054FH         LINE#         60
  C:0552H         LINE#         61
  -------         ENDPROC       LINED
  -------         PROC          LINEE
  C:0513H         LINE#         63
  C:0513H         LINE#         64
  C:0513H         LINE#         65
  C:051CH         LINE#         66
  C:0521H         LINE#         68
  C:0524H         LINE#         69
  -------         ENDPROC       LINEE
  -------         PROC          HENGZUO
  C:031DH         LINE#         74
BL51 BANKED LINKER/LOCATER V6.22.2.0                                                  11/03/2019  14:53:47  PAGE 13


  C:031DH         LINE#         75
  C:031DH         LINE#         76
  C:0320H         LINE#         77
  C:0326H         LINE#         78
  C:0326H         LINE#         79
  C:0329H         LINE#         80
  C:032CH         LINE#         81
  C:032CH         LINE#         82
  C:0332H         LINE#         83
  C:0332H         LINE#         84
  C:0335H         LINE#         85
  C:0338H         LINE#         86
  C:0338H         LINE#         87
  C:033EH         LINE#         88
  C:033EH         LINE#         89
  C:0341H         LINE#         90
  C:0344H         LINE#         91
  C:0344H         LINE#         92
  C:034AH         LINE#         93
  C:034AH         LINE#         94
  C:034DH         LINE#         95
  C:0350H         LINE#         96
  C:0350H         LINE#         97
  C:0356H         LINE#         98
  C:0356H         LINE#         99
  C:0359H         LINE#         100
  C:0359H         LINE#         101
  C:035FH         LINE#         102
  C:035FH         LINE#         103
  C:0362H         LINE#         105
  C:0362H         LINE#         106
  -------         ENDPROC       HENGZUO
  -------         PROC          HENGYOU
  C:0363H         LINE#         107
  C:0363H         LINE#         108
  C:0363H         LINE#         109
  C:0366H         LINE#         110
  C:036CH         LINE#         111
  C:036CH         LINE#         112
  C:036FH         LINE#         113
  C:0372H         LINE#         114
  C:0372H         LINE#         115
  C:0378H         LINE#         116
  C:0378H         LINE#         117
  C:037BH         LINE#         118
  C:037EH         LINE#         119
  C:037EH         LINE#         120
  C:0384H         LINE#         121
  C:0384H         LINE#         122
  C:0387H         LINE#         123
  C:038AH         LINE#         124
  C:038AH         LINE#         125
  C:0390H         LINE#         126
  C:0390H         LINE#         127
  C:0393H         LINE#         128
  C:0396H         LINE#         129
  C:0396H         LINE#         130
BL51 BANKED LINKER/LOCATER V6.22.2.0                                                  11/03/2019  14:53:47  PAGE 14


  C:039CH         LINE#         131
  C:039CH         LINE#         132
  C:039FH         LINE#         133
  C:039FH         LINE#         134
  C:03A5H         LINE#         135
  C:03A5H         LINE#         136
  C:03A8H         LINE#         137
  C:03A8H         LINE#         138
  -------         ENDPROC       HENGYOU
  -------         PROC          ZONGQIAN
  C:0003H         LINE#         140
  C:0003H         LINE#         141
  C:0003H         LINE#         142
  C:0006H         LINE#         144
  C:000CH         LINE#         145
  C:000FH         LINE#         146
  C:0015H         LINE#         147
  C:0018H         LINE#         149
  C:001EH         LINE#         150
  C:001EH         LINE#         151
  C:0021H         LINE#         152
  C:0021H         LINE#         153
  C:0027H         LINE#         154
  C:0027H         LINE#         155
  C:002AH         LINE#         156
  C:002AH         LINE#         157
  C:0030H         LINE#         158
  C:0033H         LINE#         159
  C:0039H         LINE#         160
  C:003CH         LINE#         161
  -------         ENDPROC       ZONGQIAN
  -------         PROC          ZONGHOU
  C:03EBH         LINE#         163
  C:03EBH         LINE#         164
  C:03EBH         LINE#         165
  C:03EEH         LINE#         167
  C:03F4H         LINE#         168
  C:03F7H         LINE#         169
  C:03FDH         LINE#         170
  C:0400H         LINE#         172
  C:0406H         LINE#         173
  C:0406H         LINE#         174
  C:0409H         LINE#         175
  C:0409H         LINE#         176
  C:040FH         LINE#         177
  C:040FH         LINE#         178
  C:0412H         LINE#         179
  C:0412H         LINE#         180
  C:0418H         LINE#         181
  C:041BH         LINE#         182
  C:0421H         LINE#         183
  C:0424H         LINE#         184
  -------         ENDPROC       ZONGHOU
  -------         ENDMOD        SEARCHLINE

  -------         MODULE        UART
  C:0000H         SYMBOL        _ICE_DUMMY_
BL51 BANKED LINKER/LOCATER V6.22.2.0                                                  11/03/2019  14:53:47  PAGE 15


  D:0080H         PUBLIC        P0
  D:0090H         PUBLIC        P1
  D:00A0H         PUBLIC        P2
  D:00B0H         PUBLIC        P3
  D:00C0H         PUBLIC        P4
  D:00C8H         PUBLIC        P5
  B:00A8H.7       PUBLIC        EA
  D:00E8H         PUBLIC        P6
  D:00F8H         PUBLIC        P7
  C:0525H         PUBLIC        uart2_init
  D:00A8H         PUBLIC        IE
  B:00A8H.4       PUBLIC        ES
  D:00B8H         PUBLIC        IP
  D:00D8H         PUBLIC        CCON
  D:0098H         PUBLIC        SCON
  D:0088H         PUBLIC        TCON
  C:0537H         PUBLIC        uart2_receive
  D:00AFH         PUBLIC        IE2
  D:008EH         PUBLIC        AUXR
  D:00D6H         PUBLIC        T2H
  D:00D7H         PUBLIC        T2L
  D:009BH         PUBLIC        S2BUF
  D:009AH         PUBLIC        S2CON
  D:00D0H         PUBLIC        PSW
  C:055CH         PUBLIC        _uart2_send
  -------         PROC          UART2_INIT
  C:0525H         LINE#         15
  C:0525H         LINE#         16
  C:0525H         LINE#         18
  C:0528H         LINE#         19
  C:052BH         LINE#         20
  C:052EH         LINE#         21
  C:0531H         LINE#         22
  C:0534H         LINE#         23
  C:0536H         LINE#         24
  -------         ENDPROC       UART2_INIT
  -------         PROC          _UART2_SEND
  D:0006H         SYMBOL        ss
  C:055CH         LINE#         26
  C:055CH         LINE#         27
  C:055CH         LINE#         28
  C:055EH         LINE#         32
  C:0560H         LINE#         33
  C:0560H         LINE#         34
  C:0563H         LINE#         36
  -------         ENDPROC       _UART2_SEND
  -------         PROC          UART2_RECEIVE
  C:0537H         LINE#         39
  C:0539H         LINE#         41
  C:053EH         LINE#         42
  C:053EH         LINE#         43
  C:0541H         LINE#         44
  C:0544H         LINE#         45
  C:0544H         LINE#         46
  -------         ENDPROC       UART2_RECEIVE
  -------         ENDMOD        UART

BL51 BANKED LINKER/LOCATER V6.22.2.0                                                  11/03/2019  14:53:47  PAGE 16


*** WARNING L16: UNCALLED SEGMENT, IGNORED FOR OVERLAY PROCESS
    SEGMENT: ?C_INITSEG

*** WARNING L16: UNCALLED SEGMENT, IGNORED FOR OVERLAY PROCESS
    SEGMENT: ?PR?LINEB?SEARCHLINE

Program Size: data=47.0 xdata=0 code=1386
LINK/LOCATE RUN COMPLETE.  2 WARNING(S),  0 ERROR(S)
