BL51 BANKED LINKER/LOCATER V6.22.2.0                                                    09/30/2019  00:11:17  PAGE 1


BL51 BANKED LINKER/LOCATER V6.22.2.0, INVOKED BY:
C:\KEIL_V5\C51\BIN\BL51.EXE STARTUP.obj, main.obj TO test123 RAMSIZE (256)


MEMORY MODEL: SMALL


INPUT MODULES INCLUDED:
  STARTUP.obj (?C_STARTUP)
  main.obj (MAIN)


LINK MAP OF MODULE:  test123 (?C_STARTUP)


            TYPE    BASE      LENGTH    RELOCATION   SEGMENT NAME
            -----------------------------------------------------

            * * * * * * *   D A T A   M E M O R Y   * * * * * * *
            REG     0000H     0008H     ABSOLUTE     "REG BANK 0"
            DATA    0008H     001CH     UNIT         ?DT?MAIN
            DATA    0024H     0008H     UNIT         _DATA_GROUP_
            IDATA   002CH     0001H     UNIT         ?STACK

            * * * * * * *   C O D E   M E M O R Y   * * * * * * *
            CODE    0000H     0003H     ABSOLUTE     
            CODE    0003H     001AH     UNIT         ?PR?UART1_SEND?MAIN
                    001DH     0006H                  *** GAP ***
            CODE    0023H     0003H     ABSOLUTE     
            CODE    0026H     001AH     UNIT         ?PR?_MYABS?MAIN
                    0040H     0003H                  *** GAP ***
            CODE    0043H     0003H     ABSOLUTE     
            CODE    0046H     003EH     UNIT         ?PR?_DELAY_US?MAIN
            CODE    0084H     0014H     UNIT         ?PR?UART1_INIT?MAIN
                    0098H     0003H                  *** GAP ***
            CODE    009BH     0003H     ABSOLUTE     
            CODE    009EH     00BAH     UNIT         ?PR?XIANFU_PWM?MAIN
            CODE    0158H     00B2H     UNIT         ?PR?MAIN?MAIN
            CODE    020AH     00A8H     UNIT         ?PR?SET_PWM?MAIN
            CODE    02B2H     007FH     UNIT         ?PR?PWM_CONTROL?MAIN
            CODE    0331H     0031H     UNIT         ?PR?READ_ENCODER?MAIN
            CODE    0362H     0021H     UNIT         ?PR?_DELAY_MS?MAIN
            CODE    0383H     0012H     UNIT         ?PR?UART2_INIT?MAIN
            CODE    0395H     0012H     UNIT         ?PR?JISHU_INIT?MAIN
            CODE    03A7H     0010H     UNIT         ?PR?UART2_RECEIVE?MAIN
            CODE    03B7H     000CH     UNIT         ?C_C51STARTUP
            CODE    03C3H     000CH     UNIT         ?CO?MAIN
            CODE    03CFH     0009H     UNIT         ?PR?UART1_RECEIVE?MAIN
            CODE    03D8H     0009H     UNIT         ?PR?UART2_SEND?MAIN
            CODE    03E1H     0008H     UNIT         ?PR?_POSITION_PID?MAIN



OVERLAY MAP OF MODULE:   test123 (?C_STARTUP)


SEGMENT                          DATA_GROUP 
  +--> CALLED SEGMENT          START    LENGTH
BL51 BANKED LINKER/LOCATER V6.22.2.0                                                  09/30/2019  00:11:17  PAGE 2


----------------------------------------------
?C_C51STARTUP                  -----    -----
  +--> ?PR?MAIN?MAIN

?PR?MAIN?MAIN                  0024H    0006H
  +--> ?PR?UART1_INIT?MAIN
  +--> ?PR?UART2_INIT?MAIN
  +--> ?PR?PWM_CONTROL?MAIN
  +--> ?PR?JISHU_INIT?MAIN
  +--> ?PR?UART2_SEND?MAIN

?PR?PWM_CONTROL?MAIN           -----    -----
  +--> ?PR?_POSITION_PID?MAIN
  +--> ?PR?XIANFU_PWM?MAIN
  +--> ?PR?SET_PWM?MAIN

?PR?XIANFU_PWM?MAIN            -----    -----
  +--> ?PR?_MYABS?MAIN

?PR?SET_PWM?MAIN               -----    -----
  +--> ?PR?_DELAY_US?MAIN

?PR?_DELAY_US?MAIN             002AH    0002H



SYMBOL TABLE OF MODULE:  test123 (?C_STARTUP)

  VALUE           TYPE          NAME
  ----------------------------------

  -------         MODULE        ?C_STARTUP
  C:03B7H         SEGMENT       ?C_C51STARTUP
  I:002CH         SEGMENT       ?STACK
  C:0000H         PUBLIC        ?C_STARTUP
  D:00E0H         SYMBOL        ACC
  D:00F0H         SYMBOL        B
  D:0083H         SYMBOL        DPH
  D:0082H         SYMBOL        DPL
  N:0000H         SYMBOL        IBPSTACK
  N:0100H         SYMBOL        IBPSTACKTOP
  N:0080H         SYMBOL        IDATALEN
  C:03BAH         SYMBOL        IDATALOOP
  N:0000H         SYMBOL        PBPSTACK
  N:0100H         SYMBOL        PBPSTACKTOP
  N:0000H         SYMBOL        PDATALEN
  N:0000H         SYMBOL        PDATASTART
  N:0000H         SYMBOL        PPAGE
  N:0000H         SYMBOL        PPAGEENABLE
  D:00A0H         SYMBOL        PPAGE_SFR
  D:0081H         SYMBOL        SP
  C:03B7H         SYMBOL        STARTUP1
  N:0000H         SYMBOL        XBPSTACK
  N:0000H         SYMBOL        XBPSTACKTOP
  N:0000H         SYMBOL        XDATALEN
  N:0000H         SYMBOL        XDATASTART
  C:0000H         LINE#         126
BL51 BANKED LINKER/LOCATER V6.22.2.0                                                  09/30/2019  00:11:17  PAGE 3


  C:03B7H         LINE#         133
  C:03B9H         LINE#         134
  C:03BAH         LINE#         135
  C:03BBH         LINE#         136
  C:03BDH         LINE#         185
  C:03C0H         LINE#         196
  -------         ENDMOD        ?C_STARTUP

  -------         MODULE        MAIN
  C:0000H         SYMBOL        _ICE_DUMMY_
  D:0008H         PUBLIC        mubiaozhi1
  D:0080H         PUBLIC        P0
  D:000AH         PUBLIC        mubiaozhi2
  D:0090H         PUBLIC        P1
  D:000CH         PUBLIC        mubiaozhi3
  D:00A0H         PUBLIC        P2
  D:000EH         PUBLIC        mubiaozhi4
  D:00B0H         PUBLIC        P3
  D:0010H         PUBLIC        tmp1
  D:00C0H         PUBLIC        P4
  C:009EH         PUBLIC        Xianfu_Pwm
  D:0011H         PUBLIC        tmp2
  D:00C8H         PUBLIC        P5
  B:00A8H.7       PUBLIC        EA
  D:00E8H         PUBLIC        P6
  C:0084H         PUBLIC        uart1_init
  D:00F8H         PUBLIC        P7
  C:0383H         PUBLIC        uart2_init
  D:00A8H         PUBLIC        IE
  B:00A8H.4       PUBLIC        ES
  C:03E1H         PUBLIC        _Position_PID
  D:00B8H         PUBLIC        IP
  B:0098H.0       PUBLIC        RI
  B:0098H.1       PUBLIC        TI
  C:0026H         PUBLIC        _myabs
  C:0331H         PUBLIC        Read_Encoder
  D:0012H         PUBLIC        paolu
  D:00D8H         PUBLIC        CCON
  C:0158H         PUBLIC        main
  D:0099H         PUBLIC        SBUF
  B:00A0H.1       PUBLIC        P21
  D:0098H         PUBLIC        SCON
  D:0089H         PUBLIC        TMOD
  D:0088H         PUBLIC        TCON
  B:00C0H.1       PUBLIC        P41
  B:00B0H.2       PUBLIC        P32
  B:00A0H.3       PUBLIC        P23
  B:00C0H.2       PUBLIC        P42
  B:00B0H.3       PUBLIC        P33
  B:00B0H.4       PUBLIC        P34
  B:00A0H.5       PUBLIC        P25
  C:03CFH         PUBLIC        uart1_receive
  B:00B0H.5       PUBLIC        P35
  C:03A7H         PUBLIC        uart2_receive
  B:00B0H.6       PUBLIC        P36
  B:00A0H.7       PUBLIC        P27
  B:00B0H.7       PUBLIC        P37
BL51 BANKED LINKER/LOCATER V6.22.2.0                                                  09/30/2019  00:11:17  PAGE 4


  C:02B2H         PUBLIC        pwm_control
  C:0395H         PUBLIC        jishu_init
  D:00AFH         PUBLIC        IE2
  D:008EH         PUBLIC        AUXR
  C:020AH         PUBLIC        Set_Pwm
  D:008DH         PUBLIC        TH1
  D:00D6H         PUBLIC        T2H
  D:00D4H         PUBLIC        T3H
  D:008BH         PUBLIC        TL1
  D:00D7H         PUBLIC        T2L
  C:0362H         PUBLIC        _delay_ms
  D:00D5H         PUBLIC        T3L
  D:0014H         PUBLIC        jishu1
  B:0088H.6       PUBLIC        TR1
  D:0016H         PUBLIC        jishu2
  D:0018H         PUBLIC        jishu3
  D:001AH         PUBLIC        jishu4
  C:004AH         PUBLIC        _delay_us
  D:00D1H         PUBLIC        T4T3M
  D:001CH         PUBLIC        motol1
  D:001EH         PUBLIC        motol2
  D:0020H         PUBLIC        motol3
  D:0022H         PUBLIC        motol4
  D:009BH         PUBLIC        S2BUF
  D:009AH         PUBLIC        S2CON
  D:00D0H         PUBLIC        PSW
  C:0003H         PUBLIC        uart1_send
  C:03D8H         PUBLIC        uart2_send
  C:0046H         SYMBOL        L?0086
  -------         PROC          L?0085
  -------         ENDPROC       L?0085
  C:0046H         SYMBOL        L?0086
  -------         PROC          _DELAY_US
  D:0006H         SYMBOL        d
  -------         DO            
  D:002AH         SYMBOL        a
  D:002BH         SYMBOL        b
  -------         ENDDO         
  C:004AH         LINE#         17
  C:004AH         LINE#         18
  C:004AH         LINE#         19
  C:0055H         LINE#         20
  C:0055H         LINE#         22
  C:0063H         LINE#         23
  C:0079H         LINE#         25
  C:0080H         LINE#         26
  C:0083H         LINE#         27
  -------         ENDPROC       _DELAY_US
  -------         PROC          _DELAY_MS
  D:0004H         SYMBOL        c
  C:0362H         LINE#         30
  C:0366H         LINE#         31
  C:0366H         LINE#         32
  C:0371H         LINE#         33
  C:0371H         LINE#         34
  C:0378H         LINE#         35
  C:037FH         LINE#         36
BL51 BANKED LINKER/LOCATER V6.22.2.0                                                  09/30/2019  00:11:17  PAGE 5


  C:0382H         LINE#         37
  -------         ENDPROC       _DELAY_MS
  -------         PROC          UART1_INIT
  C:0084H         LINE#         50
  C:0084H         LINE#         51
  C:0084H         LINE#         55
  C:0087H         LINE#         56
  C:008AH         LINE#         58
  C:008DH         LINE#         61
  C:0093H         LINE#         63
  C:0095H         LINE#         64
  C:0097H         LINE#         66
  -------         ENDPROC       UART1_INIT
  -------         PROC          UART1_SEND
  -------         DO            
  C:03C3H         SYMBOL        MESSAGE
  D:0007H         SYMBOL        a
  -------         ENDDO         
  C:0003H         LINE#         68
  C:0003H         LINE#         69
  C:0003H         LINE#         74
  C:0005H         LINE#         75
  C:000CH         LINE#         76
  C:000CH         LINE#         77
  C:000EH         LINE#         78
  C:0011H         LINE#         79
  C:0013H         LINE#         81
  C:0014H         LINE#         82
  C:0016H         LINE#         83
  -------         ENDPROC       UART1_SEND
  -------         PROC          UART1_RECEIVE
  C:03CFH         LINE#         88
  C:03CFH         LINE#         90
  C:03D2H         LINE#         91
  C:03D2H         LINE#         93
  C:03D5H         LINE#         94
  C:03D7H         LINE#         95
  C:03D7H         LINE#         96
  -------         ENDPROC       UART1_RECEIVE
  -------         PROC          UART2_INIT
  C:0383H         LINE#         102
  C:0383H         LINE#         103
  C:0383H         LINE#         105
  C:0386H         LINE#         106
  C:0389H         LINE#         107
  C:038CH         LINE#         108
  C:038FH         LINE#         109
  C:0392H         LINE#         110
  C:0394H         LINE#         111
  -------         ENDPROC       UART2_INIT
  -------         PROC          UART2_SEND
  C:03D8H         LINE#         113
  C:03D8H         LINE#         114
  C:03D8H         LINE#         115
  C:03DAH         LINE#         119
  C:03DDH         LINE#         120
  C:03DDH         LINE#         121
BL51 BANKED LINKER/LOCATER V6.22.2.0                                                  09/30/2019  00:11:17  PAGE 6


  C:03E0H         LINE#         125
  -------         ENDPROC       UART2_SEND
  -------         PROC          UART2_RECEIVE
  C:03A7H         LINE#         128
  C:03A9H         LINE#         130
  C:03AEH         LINE#         131
  C:03AEH         LINE#         132
  C:03B1H         LINE#         133
  C:03B4H         LINE#         134
  C:03B4H         LINE#         135
  -------         ENDPROC       UART2_RECEIVE
  -------         PROC          _POSITION_PID
  D:0006H         SYMBOL        Encoder
  D:0004H         SYMBOL        Target
  -------         DO            
  D:0006H         SYMBOL        cesuanzhi
  -------         ENDDO         
  C:03E1H         LINE#         144
  C:03E1H         LINE#         145
  C:03E1H         LINE#         155
  C:03E8H         LINE#         156
  C:03E8H         LINE#         157
  -------         ENDPROC       _POSITION_PID
  -------         PROC          JISHU_INIT
  C:0395H         LINE#         166
  C:0395H         LINE#         167
  C:0395H         LINE#         168
  C:0398H         LINE#         169
  C:039BH         LINE#         170
  C:039EH         LINE#         171
  C:03A1H         LINE#         172
  C:03A4H         LINE#         173
  C:03A6H         LINE#         174
  -------         ENDPROC       JISHU_INIT
  -------         PROC          READ_ENCODER
  C:0331H         LINE#         176
  C:0333H         LINE#         179
  C:0336H         LINE#         180
  C:033EH         LINE#         181
  C:0341H         LINE#         182
  C:0349H         LINE#         183
  C:034CH         LINE#         184
  C:0354H         LINE#         185
  C:0357H         LINE#         186
  C:035FH         LINE#         187
  -------         ENDPROC       READ_ENCODER
  -------         PROC          _MYABS
  D:0006H         SYMBOL        a
  -------         DO            
  D:0004H         SYMBOL        temp
  -------         ENDDO         
  C:0026H         LINE#         192
  C:0026H         LINE#         193
  C:0026H         LINE#         195
  C:0037H         LINE#         196
  C:003BH         LINE#         197
  C:003FH         LINE#         198
BL51 BANKED LINKER/LOCATER V6.22.2.0                                                  09/30/2019  00:11:17  PAGE 7


  -------         ENDPROC       _MYABS
  -------         PROC          XIANFU_PWM
  -------         DO            
  D:0002H         SYMBOL        paolu
  -------         ENDDO         
  C:009EH         LINE#         209
  C:009EH         LINE#         210
  C:009EH         LINE#         211
  C:00A2H         LINE#         212
  C:00CDH         LINE#         213
  C:00FBH         LINE#         214
  C:0129H         LINE#         215
  C:0157H         LINE#         216
  -------         ENDPROC       XIANFU_PWM
  -------         PROC          SET_PWM
  C:020AH         LINE#         228
  C:020AH         LINE#         229
  C:020AH         LINE#         230
  C:021DH         LINE#         231
  C:022CH         LINE#         232
  C:0230H         LINE#         233
  C:0233H         LINE#         234
  C:0246H         LINE#         235
  C:0255H         LINE#         236
  C:0259H         LINE#         237
  C:025CH         LINE#         238
  C:026FH         LINE#         239
  C:027EH         LINE#         240
  C:0282H         LINE#         241
  C:0285H         LINE#         242
  C:0298H         LINE#         243
  C:02A7H         LINE#         244
  C:02ABH         LINE#         245
  -------         ENDPROC       SET_PWM
  -------         PROC          PWM_CONTROL
  C:02B2H         LINE#         261
  C:02B2H         LINE#         262
  C:02B2H         LINE#         264
  C:02B2H         LINE#         265
  C:02C1H         LINE#         266
  C:02D0H         LINE#         267
  C:02DFH         LINE#         268
  C:02EEH         LINE#         269
  C:02F1H         LINE#         270
  C:02F4H         LINE#         271
  C:02F4H         LINE#         272
  C:0330H         LINE#         274
  -------         ENDPROC       PWM_CONTROL
  -------         PROC          MAIN
  -------         DO            
  D:0024H         SYMBOL        dongzuo
  D:0026H         SYMBOL        jingdongzhi
  D:0028H         SYMBOL        finish
  -------         ENDDO         
  C:0158H         LINE#         278
  C:0158H         LINE#         279
  C:0158H         LINE#         282
BL51 BANKED LINKER/LOCATER V6.22.2.0                                                  09/30/2019  00:11:17  PAGE 8


  C:015BH         LINE#         283
  C:015EH         LINE#         284
  C:0161H         LINE#         285
  C:0161H         LINE#         286
  C:0161H         LINE#         290
  C:0167H         LINE#         291
  C:016DH         LINE#         292
  C:0173H         LINE#         293
  C:0179H         LINE#         294
  C:017FH         LINE#         295
  C:017FH         LINE#         296
  C:017FH         LINE#         297
  C:017FH         LINE#         298
  C:017FH         LINE#         299
  C:0181H         LINE#         300
  C:0187H         LINE#         301
  C:0192H         LINE#         302
  C:0196H         LINE#         303
  C:01A2H         LINE#         304
  C:01A2H         LINE#         305
  C:01A2H         LINE#         306
  C:01A2H         LINE#         307
  C:01A2H         LINE#         308
  C:01A4H         LINE#         309
  C:01AAH         LINE#         310
  C:01B0H         LINE#         311
  C:01BBH         LINE#         312
  C:01C1H         LINE#         313
  C:01C5H         LINE#         314
  C:01C5H         LINE#         315
  C:01C5H         LINE#         316
  C:01C5H         LINE#         317
  C:01C7H         LINE#         318
  C:01CDH         LINE#         319
  C:01D8H         LINE#         320
  C:01DEH         LINE#         321
  C:01E2H         LINE#         322
  C:01E8H         LINE#         323
  C:01EBH         LINE#         324
  C:01EEH         LINE#         325
  C:01F4H         LINE#         326
  C:01F4H         LINE#         327
  C:01F7H         LINE#         328
  C:01FFH         LINE#         329
  C:0202H         LINE#         330
  C:0207H         LINE#         331
  -------         ENDPROC       MAIN
  -------         ENDMOD        MAIN

*** WARNING L16: UNCALLED SEGMENT, IGNORED FOR OVERLAY PROCESS
    SEGMENT: ?PR?_DELAY_MS?MAIN

*** WARNING L16: UNCALLED SEGMENT, IGNORED FOR OVERLAY PROCESS
    SEGMENT: ?PR?UART1_SEND?MAIN

Program Size: data=45.0 xdata=0 code=989
LINK/LOCATE RUN COMPLETE.  2 WARNING(S),  0 ERROR(S)
